[2024-12-20 17:49 UTC] 60133, 0D761722T2055193A , {"status":true,"messages":{"200":"تم تجديد اشتراك للحساب - 60133\nتاريخ التجديد اصبح : 2025-06-20 17:49:23"}}
[2024-12-24 17:00 UTC] Start New Payment Check
[2024-12-24 17:00 UTC] New Payment
[2024-12-24 17:00 UTC] 62652, 7NY09849J5226012X , {"status":true,"messages":{"200":"تم تجديد اشتراك للحساب - 62652\nتاريخ التجديد اصبح : 2025-01-24 17:00:24"}}
[2025-01-13 19:11 UTC] Start New Payment Check
[2025-01-13 19:11 UTC] New Payment
[2025-01-13 19:11 UTC] 63452, 0M413118AD337372B , {"status":true,"messages":{"200":"تم تجديد اشتراك للحساب - 63452\nتاريخ التجديد اصبح : 2025-07-13 19:11:18"}}
[2025-01-21 10:45 UTC] Start New Payment Check
[2025-01-21 10:45 UTC] New Payment
[2025-01-21 10:45 UTC] 1422, 94T83136JD310601G , {"status":true,"messages":{"200":"تم تجديد اشتراك للحساب - 1422\nتاريخ التجديد اصبح : 2025-04-21 10:45:01"}}
[2025-02-10 23:35 UTC] Start New Payment Check
[2025-02-18 09:49 UTC] Start New Payment Check
[2025-02-18 09:49 UTC] New Payment
[2025-02-18 09:49 UTC] 81275, 9LV94883RM508150L , {"status":true,"messages":{"200":"تم تجديد اشتراك للحساب - 81275\nتاريخ التجديد اصبح : 2025-03-18 09:49:03"}}
[2025-02-27 03:15 UTC] Start New Payment Check
[2025-02-27 03:15 UTC] New Payment
[2025-02-27 03:15 UTC] 21499, 5UW09638TY1675456 , {"status":true,"messages":{"200":"تم تجديد اشتراك للحساب - 21499\nتاريخ التجديد اصبح : 2025-05-27 03:15:49"}}
[2025-03-18 00:11 UTC] Start New Payment Check
[2025-03-18 00:11 UTC] New Payment
[2025-03-18 00:11 UTC] 1417, 2VP50720V1935984Y , {"status":true,"messages":{"200":"تم تجديد اشتراك للحساب - 1417\nتاريخ التجديد اصبح : 2025-04-18 00:11:57"}}
[2025-03-18 07:12 UTC] Start New Payment Check
[2025-04-27 17:38 UTC] Start New Payment Check
[2025-04-27 17:38 UTC] New Payment
[2025-04-27 17:38 UTC] 10190, 9J18820083633734S , {"status":true,"messages":{"200":"تم تجديد اشتراك للحساب - 10190\nتاريخ التجديد اصبح : 2026-04-27 17:38:08"}}
[2025-05-10 09:34 UTC] Start New Payment Check
[2025-05-10 09:34 UTC] New Payment
[2025-05-10 09:34 UTC] 34182, 7XL16627E88923931 , {"status":true,"messages":{"200":"تم تجديد اشتراك للحساب - 34182\nتاريخ التجديد اصبح : 2025-06-10 09:34:58"}}
[2025-05-20 21:05 UTC] Start New Payment Check
[2025-05-20 21:05 UTC] New Payment
[2025-05-29 23:44 UTC] Start New Payment Check
[2025-05-29 23:44 UTC] New Payment
[2025-05-29 23:44 UTC] 53279, 35H69855NL147653J , {"status":true,"messages":{"200":"تم تجديد اشتراك للحساب - 53279\nتاريخ التجديد اصبح : 2025-06-29 23:44:45"}}
[2025-06-02 01:14 UTC] Start New Payment Check
[2025-06-02 01:14 UTC] New Payment
[2025-06-02 01:16 UTC] Start New Payment Check
[2025-06-02 01:16 UTC] New Payment
[2025-06-09 15:09 UTC] Start New Payment Check
[2025-06-09 15:34 UTC] Start New Payment Check
[2025-06-09 15:35 UTC] Start New Payment Check
[2025-06-09 15:38 UTC] Start New Payment Check
[2025-06-09 15:38 UTC] Start New Payment Check
[2025-06-09 15:41 UTC] Start New Payment Check
[2025-06-09 15:42 UTC] Start New Payment Check
[2025-06-10 06:18 UTC] Start New Payment Check
[2025-06-10 06:19 UTC] New Payment
[2025-06-10 06:19 UTC] 91375, 9GP5595522292553S , {"status":true,"messages":{"200":"تم تجديد اشتراك للحساب - 91375\nتاريخ التجديد اصبح : 2025-09-10 06:19:00"}}
[2025-06-10 23:48 UTC] Start New Payment Check
[2025-06-10 23:48 UTC] New Payment
[2025-06-16 01:00 UTC] Start New Payment Check
[2025-06-16 01:00 UTC] New Payment
[2025-06-16 01:00 UTC] 82363, 8B063959AD652900R , {"status":true,"messages":{"200":"تم تجديد اشتراك للحساب - 82363\nتاريخ التجديد اصبح : 2025-07-16 01:00:16"}}
[2025-06-18 17:13 UTC] Start New Payment Check
[2025-06-25 03:05 UTC] Start New Payment Check
[2025-06-25 03:05 UTC] New Payment
[2025-06-25 03:05 UTC] 16430, 1PH43547P4467813R , {"status":true,"messages":{"200":"تم تجديد اشتراك للحساب - 16430\nتاريخ التجديد اصبح : 2026-06-25 03:05:45"}}
[2025-07-10 12:05 UTC] Start New Payment Check
[2025-07-10 12:05 UTC] New Payment
[2025-07-10 12:05 UTC] 55777, 6W7808945C602653V , {"status":true,"messages":{"200":"تم تجديد اشتراك للحساب - 55777\nتاريخ التجديد اصبح : 2026-01-10 12:05:29"}}
[2025-07-13 16:45 UTC] Start New Payment Check
[2025-07-13 16:45 UTC] New Payment
[2025-08-11 01:35 UTC] Start New Payment Check
[2025-08-11 01:35 UTC] New Payment
[2025-08-11 01:35 UTC] 16365, 2PN984229M402650U , {"status":true,"messages":{"200":"تم تجديد اشتراك للحساب - 16365\nتاريخ التجديد اصبح : 2025-09-11 01:35:32"}}
[2025-08-11 17:54 UTC] Start New Payment Check
[2025-08-11 17:54 UTC] New Payment
[2025-08-11 17:54 UTC] 10677, 97529752U95824501 , {"status":true,"messages":{"200":"تم تجديد اشتراك للحساب - 10677\nتاريخ التجديد اصبح : 2026-08-11 17:54:46"}}
[2025-09-04 21:47 UTC] Start New Payment Check
[2025-09-04 21:47 UTC] New Payment
[2025-09-04 21:47 UTC] 5629, 6UU86763XE3007036 , {"status":true,"messages":{"200":"تم تجديد اشتراك للحساب - 5629\nتاريخ التجديد اصبح : 2025-12-04 21:47:41"}}
[2025-09-14 13:02 UTC] Start New Payment Check
[2025-09-14 13:02 UTC] New Payment
[2025-09-14 13:02 UTC] 1422, 3YN31456BF350345E , {"status":true,"messages":{"200":"تم تجديد اشتراك للحساب - 1422\nتاريخ التجديد اصبح : 2025-10-14 13:02:56"}}
[2025-09-16 04:36 UTC] Start New Payment Check
[2025-09-16 04:36 UTC] New Payment
[2025-09-16 04:36 UTC] 53279, 6RD2677134439820D , {"status":true,"messages":{"200":"تم تجديد اشتراك للحساب - 53279\nتاريخ التجديد اصبح : 2025-10-16 04:36:01"}}
[2025-09-16 04:37 UTC] Start New Payment Check
[2025-09-16 04:37 UTC] New Payment
[2025-09-26 21:13 UTC] Start New Payment Check
[2025-09-26 21:13 UTC] New Payment
[2025-09-26 21:13 UTC] 156, 2PS12435HM514491X , {"status":true,"messages":{"200":"تم تجديد اشتراك للحساب - 156\nتاريخ التجديد اصبح : 2025-10-26 21:13:35"}}
[2025-09-26 21:31 UTC] Start New Payment Check
[2025-09-26 21:31 UTC] New Payment
[2025-09-26 21:31 UTC] 156, 95809544SD926694A , {"status":true,"messages":{"200":"تم تجديد اشتراك للحساب - 156\nتاريخ التجديد اصبح : 2025-11-26 21:13:35"}}
[2025-09-26 21:33 UTC] Start New Payment Check
[2025-09-26 21:33 UTC] New Payment
[2025-09-26 22:37 UTC] Start New Payment Check
[2025-09-26 22:37 UTC] New Payment
[2025-09-26 22:37 UTC] Start New Payment Check
[2025-09-26 22:37 UTC] New Payment
[2025-09-26 22:37 UTC] 156, 95809544SD926694A , {"status":true,"messages":{"403":"This payment has already been successfully completed"}}
[2025-09-27 02:43 UTC] Start New Payment Check
[2025-09-27 02:43 UTC] New Payment
[2025-10-06 15:43 UTC] Start New Payment Check
[2025-10-06 15:43 UTC] New Payment
[2025-10-06 15:43 UTC] Start New Payment Check
[2025-10-06 15:43 UTC] 53279, 6RD2677134439820D , {"status":true,"messages":{"403":"This payment has already been successfully completed"}}
[2025-10-06 15:43 UTC] New Payment
[2025-10-06 15:43 UTC] 53279, 90K83500L3879224X , {"status":true,"messages":{"200":"تم تجديد اشتراك للحساب - 53279\nتاريخ التجديد اصبح : 2025-11-16 04:36:01"}}
[2025-10-24 21:38 UTC] Start New Payment Check
[2025-10-24 21:38 UTC] New Payment
[2025-10-24 21:39 UTC] 21499, 9WT77495SL265180R , {"status":true,"messages":{"200":"تم تجديد اشتراك للحساب - 21499\nتاريخ التجديد اصبح : 2025-11-24 21:39:00"}}
[2026-01-27 11:36 UTC] Start New Payment Check
[2026-01-27 11:36 UTC] New Payment
[2026-01-27 11:36 UTC] 109179, 8GM05272AR4017630 , {"status":true,"messages":{"200":"تم تجديد اشتراك للحساب - 109179\nتاريخ التجديد اصبح : 2026-04-27 11:36:39"}}
[2026-02-10 13:14 UTC] Start New Payment Check
[2026-02-10 13:14 UTC] New Payment
[2026-02-10 13:14 UTC] 16365, 2XW47134CD253603C , {"status":true,"messages":{"200":"تم تجديد اشتراك للحساب - 16365\nتاريخ التجديد اصبح : 2026-05-10 13:14:06"}}
[2026-04-03 06:15 UTC] Start New Payment Check
[2026-04-03 06:15 UTC] New Payment
[2026-04-03 06:15 UTC] 14335, 5T353491N98905541 , {"status":true,"messages":{"200":"تم تجديد اشتراك للحساب - 14335\nتاريخ التجديد اصبح : 2027-04-03 06:15:19"}}
[2026-05-09 19:27 UTC] Start New Payment Check
